components/admin/ppdb/views/PendaftarView.tsx(26,22): error TS2339: Property 'name' does not exist on type 'SubscriberItem'.
components/admin/ppdb/views/PendaftarView.tsx(28,66): error TS2339: Property 'status' does not exist on type 'SubscriberItem'.
components/admin/ppdb/views/PendaftarView.tsx(35,47): error TS2339: Property 'status' does not exist on type 'SubscriberItem'.
components/admin/ppdb/views/PendaftarView.tsx(36,45): error TS2339: Property 'status' does not exist on type 'SubscriberItem'.
components/admin/ppdb/views/PendaftarView.tsx(37,41): error TS2339: Property 'status' does not exist on type 'SubscriberItem'.
components/admin/ppdb/views/PendaftarView.tsx(131,55): error TS2339: Property 'name' does not exist on type 'SubscriberItem'.
components/admin/ppdb/views/PendaftarView.tsx(134,158): error TS2339: Property 'name' does not exist on type 'SubscriberItem'.
components/admin/ppdb/views/PendaftarView.tsx(136,68): error TS2551: Property 'created_at' does not exist on type 'SubscriberItem'. Did you mean 'createdAt'?
components/admin/ppdb/views/PendaftarView.tsx(142,115): error TS2339: Property 'phone' does not exist on type 'SubscriberItem'.
components/admin/ppdb/views/PendaftarView.tsx(146,162): error TS2339: Property 'status' does not exist on type 'SubscriberItem'.
components/admin/ppdb/views/PendaftarView.tsx(147,51): error TS2339: Property 'status' does not exist on type 'SubscriberItem'.
components/admin/ppdb/views/PendaftarView.tsx(168,47): error TS2339: Property 'name' does not exist on type 'SubscriberItem'.
components/admin/ppdb/views/PendaftarView.tsx(171,129): error TS2339: Property 'name' does not exist on type 'SubscriberItem'.
components/admin/ppdb/views/PendaftarView.tsx(175,153): error TS2339: Property 'status' does not exist on type 'SubscriberItem'.
components/admin/ppdb/views/PendaftarView.tsx(176,43): error TS2339: Property 'status' does not exist on type 'SubscriberItem'.
components/admin/ppdb/views/PendaftarView.tsx(182,52): error TS2551: Property 'created_at' does not exist on type 'SubscriberItem'. Did you mean 'createdAt'?
components/admin/ppdb/views/PendaftarView.tsx(226,165): error TS2339: Property 'name' does not exist on type 'SubscriberItem'.
components/admin/ppdb/views/PendaftarView.tsx(260,145): error TS2339: Property 'name' does not exist on type 'SubscriberItem'.
components/admin/ppdb/views/PendaftarView.tsx(264,145): error TS2339: Property 'gender' does not exist on type 'SubscriberItem'.
components/admin/ppdb/views/PendaftarView.tsx(268,164): error TS2339: Property 'nik' does not exist on type 'SubscriberItem'.
components/admin/ppdb/views/PendaftarView.tsx(277,135): error TS2339: Property 'phone' does not exist on type 'SubscriberItem'.
components/admin/ppdb/views/PendaftarView.tsx(281,145): error TS2339: Property 'parent_name' does not exist on type 'SubscriberItem'.
components/admin/ppdb/views/PendaftarView.tsx(285,153): error TS2339: Property 'wave_name' does not exist on type 'SubscriberItem'.
lib/prisma.ts(22,30): error TS2345: Argument of type 'Pool' is not assignable to parameter of type 'Pool | PoolConfig'.
  Type 'import("D:/PROGRAM/MIS AL FALAH/node_modules/@types/pg/index").Pool' is not assignable to type 'import("D:/PROGRAM/MIS AL FALAH/node_modules/@prisma/adapter-pg/node_modules/@types/pg/index").Pool'.
    The types of 'options.Client' are incompatible between these types.
      Type '(new () => import("D:/PROGRAM/MIS AL FALAH/node_modules/@types/pg/index").ClientBase) | undefined' is not assignable to type '(new () => import("D:/PROGRAM/MIS AL FALAH/node_modules/@prisma/adapter-pg/node_modules/@types/pg/index").ClientBase) | undefined'.
        Type 'new () => import("D:/PROGRAM/MIS AL FALAH/node_modules/@types/pg/index").ClientBase' is not assignable to type 'new () => import("D:/PROGRAM/MIS AL FALAH/node_modules/@prisma/adapter-pg/node_modules/@types/pg/index").ClientBase'.
          Construct signature return types 'ClientBase' and 'ClientBase' are incompatible.
            The types returned by 'connect()' are incompatible between these types.
              Type 'Promise<ClientBase>' is not assignable to type 'Promise<void>'.
                Type 'ClientBase' is not assignable to type 'void'.
lib/rich-text.ts(1,29): error TS7016: Could not find a declaration file for module 'sanitize-html'. 'D:/PROGRAM/MIS AL FALAH/node_modules/sanitize-html/index.js' implicitly has an 'any' type.
  Try `npm i --save-dev @types/sanitize-html` if it exists or add a new declaration (.d.ts) file containing `declare module 'sanitize-html';`
prisma/backfill-library.ts(34,30): error TS2345: Argument of type 'Pool' is not assignable to parameter of type 'Pool | PoolConfig'.
  Type 'import("D:/PROGRAM/MIS AL FALAH/node_modules/@types/pg/index").Pool' is not assignable to type 'import("D:/PROGRAM/MIS AL FALAH/node_modules/@prisma/adapter-pg/node_modules/@types/pg/index").Pool'.
    The types of 'options.Client' are incompatible between these types.
      Type '(new () => import("D:/PROGRAM/MIS AL FALAH/node_modules/@types/pg/index").ClientBase) | undefined' is not assignable to type '(new () => import("D:/PROGRAM/MIS AL FALAH/node_modules/@prisma/adapter-pg/node_modules/@types/pg/index").ClientBase) | undefined'.
        Type 'new () => import("D:/PROGRAM/MIS AL FALAH/node_modules/@types/pg/index").ClientBase' is not assignable to type 'new () => import("D:/PROGRAM/MIS AL FALAH/node_modules/@prisma/adapter-pg/node_modules/@types/pg/index").ClientBase'.
          Construct signature return types 'ClientBase' and 'ClientBase' are incompatible.
            The types returned by 'connect()' are incompatible between these types.
              Type 'Promise<ClientBase>' is not assignable to type 'Promise<void>'.
                Type 'ClientBase' is not assignable to type 'void'.
